{"availabilityStartTime": "2:00 pm", "availabilityEndTime": "3:00 pm"}